// Jest Snapshot v1, https://goo.gl/fbAQLP

exports[`<Main /> should render heading 1`] = `
.c0 {
  width: 100%;
  height: 100%;
  background-color: #111;
  display: -webkit-box;
  display: -webkit-flex;
  display: -ms-flexbox;
  display: flex;
  -webkit-box-pack: center;
  -webkit-justify-content: center;
  -ms-flex-pack: center;
  justify-content: center;
  -webkit-align-items: center;
  -webkit-box-align: center;
  -ms-flex-align: center;
  align-items: center;
  -webkit-flex-direction: column;
  -ms-flex-direction: column;
  flex-direction: column;
  gap: 24px;
}

.c1 {
  color: #fff;
  font-size: 2.5rem;
}

.c3 {
  color: #fff;
  font-size: 1.2rem;
}

.c2 {
  -webkit-animation: GLFYz 10s linear infinite;
  animation: GLFYz 10s linear infinite;
}

<main
  class="c0"
>
  <h1
    class="c1"
  >
    A Next.js Starter Pack
  </h1>
  <span
    style="box-sizing: border-box; display: inline-block; overflow: hidden; background: none; opacity: 1; border: 0px; margin: 0px; padding: 0px; position: relative; max-width: 100%;"
  >
    <span
      style="box-sizing: border-box; display: block; background: none; opacity: 1; border: 0px; margin: 0px; padding: 0px; max-width: 100%;"
    >
      <img
        alt=""
        aria-hidden="true"
        src="data:image/svg+xml,%3csvg%20xmlns=%27http://www.w3.org/2000/svg%27%20version=%271.1%27%20width=%27215%27%20height=%27215%27/%3e"
        style="display: block; max-width: 100%; background: none; opacity: 1; border: 0px; margin: 0px; padding: 0px;"
      />
    </span>
    <img
      alt="Logo React"
      class="c2"
      data-nimg="intrinsic"
      decoding="async"
      src="data:image/gif;base64,R0lGODlhAQABAIAAAAAAAP///yH5BAEAAAAALAAAAAABAAEAAAIBRAA7"
      style="position: absolute; top: 0px; left: 0px; bottom: 0px; right: 0px; box-sizing: border-box; padding: 0px; margin: auto; display: block; width: 0px; height: 0px; min-width: 100%; max-width: 100%; min-height: 100%; max-height: 100%;"
    />
    <noscript />
  </span>
  <p
    class="c3"
  >
    Built with Reactjs, Styled Components and Jest.
  </p>
</main>
`
